---
source: compiler/cli/tests/golden_tests.rs
assertion_line: 50
expression: normalized_stderr
---
Eagerly typechecking Box_Int
Finished eagerly typechecking Box_Int
Eagerly typechecking ArrayWrapper_Int
Finished eagerly typechecking ArrayWrapper_Int

    Finished `dev` profile [unoptimized + debuginfo] target(s)
     Running `target/debug/09_generics`
100
10
