Hello from Pace File System!