---
source: compiler/cli/tests/golden_tests.rs
expression: normalized_stderr
---
Call typed_callee ty: Function([], [CInt], CInt)
Call typed_callee ty: Function([], [CInt], CInt)
Call typed_callee ty: Function([], [CInt], CInt)
Call typed_callee ty: Function([], [], CInt)
Call typed_callee ty: Function([], [CInt], CInt)
Call typed_callee ty: Function([], [CInt], CInt)
