---
source: compiler/cli/tests/golden_tests.rs
expression: normalized_stderr
---
Call typed_callee ty: Function([], [Int], Int)
Call typed_callee ty: Function([], [Int], Int)
Call typed_callee ty: Function([], [Int], Int)
Call typed_callee ty: Function([], [Int], Int)
Call typed_callee ty: Function([], [Int], Int)
Call typed_callee ty: Function([], [Int], Int)
