---
source: compiler/cli/tests/golden_tests.rs
expression: normalized_stderr
---
Call typed_callee ty: Class("Box", ["T"])
constructor_ty param_types: [Generic("T")]
Eagerly typechecking Box_Int
Finished eagerly typechecking Box_Int
Call typed_callee ty: BuiltinFunc
Call typed_callee ty: Function([], [], Int)
Call typed_callee ty: Class("ArrayWrapper", ["T"])
constructor_ty param_types: [Array(Generic("T"))]
Eagerly typechecking ArrayWrapper_Int
Finished eagerly typechecking ArrayWrapper_Int
Call typed_callee ty: BuiltinFunc
Call typed_callee ty: Function([], [], Int)
