---
source: compiler/cli/tests/golden_tests.rs
expression: normalized_stderr
---
Call typed_callee ty: Function(["T"], [Generic("T")], Generic("T"))
Call typed_callee ty: BuiltinFunc
Call typed_callee ty: Function(["T"], [Generic("T")], Generic("T"))
Call typed_callee ty: BuiltinFunc
Call typed_callee ty: Function(["A", "B"], [Generic("A"), Generic("B")], Generic("A"))
Call typed_callee ty: BuiltinFunc
