---
source: compiler/cli/tests/golden_tests.rs
expression: normalized_stderr
---
[33m[P5001] Warning:[0m Variable `bobs_friend` does not follow Pace naming conventions
    [38;5;246m╭[0m[38;5;246m─[0m[38;5;246m[[0m $WORKSPACE/tests/ui/10_ownership/weak_cycle.pace:17:5 [38;5;246m][0m
    [38;5;246m│[0m
 [38;5;246m17 │[0m [38;5;249m [0m[38;5;249m [0m[38;5;249m [0m[38;5;249m [0m[33ml[0m[33me[0m[33mt[0m[33m [0m[33mb[0m[33mo[0m[33mb[0m[33ms[0m[33m_[0m[33mf[0m[33mr[0m[33mi[0m[33me[0m[33mn[0m[33md[0m[33m [0m[33m=[0m[33m [0m[33mb[0m[33mo[0m[33mb[0m[33m.[0m[33mf[0m[33mr[0m[33mi[0m[33me[0m[33mn[0m[33md[0m[33m![0m
 [38;5;240m   │[0m     [33m─[0m[33m─[0m[33m─[0m[33m─[0m[33m─[0m[33m─[0m[33m─[0m[33m─[0m[33m─[0m[33m─[0m[33m─[0m[33m─[0m[33m─[0m[33m─[0m[33m┬[0m[33m─[0m[33m─[0m[33m─[0m[33m─[0m[33m─[0m[33m─[0m[33m─[0m[33m─[0m[33m─[0m[33m─[0m[33m─[0m[33m─[0m[33m─[0m[33m─[0m  
 [38;5;240m   │[0m                   [33m╰[0m[33m─[0m[33m─[0m[33m─[0m[33m─[0m[33m─[0m[33m─[0m[33m─[0m[33m─[0m[33m─[0m[33m─[0m[33m─[0m[33m─[0m[33m─[0m[33m─[0m[33m─[0m[33m─[0m Variable `bobs_friend` does not follow Pace naming conventions
 [38;5;240m   │[0m 
 [38;5;240m   │[0m [38;5;115mHelp[0m: use camelCase for variables
[38;5;246m────╯[0m
[31m[E001] Error:[0m Codegen failed: Function User::init not found
