---
source: compiler/cli/tests/golden_tests.rs
expression: normalized_stderr
---
Call typed_callee ty: BuiltinFunc
Call typed_callee ty: BuiltinFunc
TYPECHECKER ERROR: Variable 'calculate_factorial' not found. at Span { start: 472, end: 491, start_loc: Location { line: 23, column: 13 }, end_loc: Location { line: 23, column: 32 } }
Call typed_callee ty: Error
Call typed_callee ty: BuiltinFunc
Call typed_callee ty: BuiltinFunc
Call typed_callee ty: BuiltinFunc
TYPECHECKER ERROR: Variable 'check_magnitude' not found. at Span { start: 685, end: 700, start_loc: Location { line: 34, column: 1 }, end_loc: Location { line: 34, column: 16 } }
Call typed_callee ty: Error
TYPECHECKER ERROR: Variable 'check_magnitude' not found. at Span { start: 709, end: 724, start_loc: Location { line: 35, column: 1 }, end_loc: Location { line: 35, column: 16 } }
Call typed_callee ty: Error
Call typed_callee ty: BuiltinFunc
Call typed_callee ty: BuiltinFunc
Call typed_callee ty: BuiltinFunc
Call typed_callee ty: Class("BankAccount", [])
Call typed_callee ty: BuiltinFunc
Call typed_callee ty: Function([], [Float], Void)
Call typed_callee ty: Function([], [Float], Void)
Call typed_callee ty: Function([], [Float], Void)
Call typed_callee ty: Class("Box", ["T"])
constructor_ty param_types: [Generic("T")]
Eagerly typechecking Box_Int
Finished eagerly typechecking Box_Int
Call typed_callee ty: BuiltinFunc
Call typed_callee ty: Class("Box", ["T"])
constructor_ty param_types: [Generic("T")]
Eagerly typechecking Box_String
Finished eagerly typechecking Box_String
Call typed_callee ty: BuiltinFunc
Call typed_callee ty: Class("Box", ["T"])
constructor_ty param_types: [Generic("T")]
Call typed_callee ty: BuiltinFunc
Call typed_callee ty: Function(["T"], [Generic("T")], Generic("T"))
Call typed_callee ty: BuiltinFunc
Call typed_callee ty: BuiltinFunc
Call typed_callee ty: BuiltinFunc
Call typed_callee ty: Function([], [], Void)
Call typed_callee ty: Class("Circle", [])
Call typed_callee ty: Class("Square", [])
TYPECHECKER ERROR: Variable 'render' not found. at Span { start: 2663, end: 2669, start_loc: Location { line: 129, column: 1 }, end_loc: Location { line: 129, column: 7 } }
Call typed_callee ty: Error
TYPECHECKER ERROR: Variable 'render' not found. at Span { start: 2674, end: 2680, start_loc: Location { line: 130, column: 1 }, end_loc: Location { line: 130, column: 7 } }
Call typed_callee ty: Error
Error [P2001]: Variable 'calculate_factorial' not found. at line 23
Error [P2001]: Variable 'check_magnitude' not found. at line 34
Error [P2001]: Variable 'check_magnitude' not found. at line 35
Error [P2001]: Variable 'render' not found. at line 129
Error [P2001]: Variable 'render' not found. at line 130
