---
source: compiler/cli/tests/golden_tests.rs
expression: normalized_stderr
---
--- List Ext Tests ---
List is empty
List len is 3
--- Map Ext Tests ---
Map is empty
Map len is 2
Map remove returned None for Three
--- Set Ext Tests ---
Set is empty
Set len is 2
Set remove returned true for 20
Set remove returned false for 30
