---
source: compiler/cli/tests/golden_tests.rs
expression: normalized_stderr
---
--- String Tests ---
Starts with Hello: true
Starts with World: false
Ends with World!: true
Ends with Hello: false
indexOf Pace: 7
indexOf Missing: -1
isEmpty: true
s is not empty: true
t.toBool(): true
f.toBool(): false
--- Int Tests ---
abs(-42) is 42
10 is even
10 is not odd
10 toFloat is 10.0
--- Float Tests ---
ceil(3.14) is 4
trunc(3.14) is 3
3.14 toInt is 3
