---
source: compiler/cli/tests/golden_tests.rs
expression: normalized_stderr
---
[31m[E001] Error:[0m Linker failed: Linker failed:
ld: $WORKSPACE/compiler/cli/../../tests/ui/13_stdlib/target/debug/out.o: in function `pace_func_[Int]::get':
pace_module:(.text+0x[OFFSET]): undefined reference to `arrayGet'
ld: $WORKSPACE/compiler/cli/../../tests/ui/13_stdlib/target/debug/out.o: in function `pace_func_[Int]::len':
pace_module:(.text+0x[OFFSET]): undefined reference to `arrayLen'
ld: $WORKSPACE/compiler/cli/../../tests/ui/13_stdlib/target/debug/out.o: in function `pace_func_[Int]::pop':
pace_module:(.text+0x[OFFSET]): undefined reference to `arrayPop'
ld: $WORKSPACE/compiler/cli/../../tests/ui/13_stdlib/target/debug/out.o: in function `pace_func_[Int]::push':
pace_module:(.text+0x[OFFSET]): undefined reference to `arrayPush'
ld: $WORKSPACE/compiler/cli/../../tests/ui/13_stdlib/target/debug/out.o: in function `pace_func_[Int]::set':
pace_module:(.text+0x[OFFSET]): undefined reference to `arraySet'
collect2: error: ld returned 1 exit status
