---
source: compiler/cli/tests/golden_tests.rs
expression: normalized_stderr
---
Eagerly typechecking Box_Int
Finished eagerly typechecking Box_Int
Eagerly typechecking Box_String
Finished eagerly typechecking Box_String
Codegen error: Failed to define BankAccount::deposit: Compilation error: Verifier errors
