---
source: compiler/cli/tests/golden_tests.rs
expression: normalized_stderr
---
Error [P1002]: Constructors must be declared with 'func init'. at line 42
Error [P1002]: Constructors must be declared with 'func init'. at line 72
Error [P1002]: Constructors must be declared with 'func init'. at line 101
Error [P1002]: Constructors must be declared with 'func init'. at line 113
