---
source: compiler/cli/tests/golden_tests.rs
expression: normalized_stderr
---
[33m[P5001] Warning:[0m Function `process_option` does not follow Pace naming convention
   [38;5;246m╭[0m[38;5;246m─[0m[38;5;246m[[0m $WORKSPACE/tests/ui/04_control_flow/match_statement.pace:1:1 [38;5;246m][0m
   [38;5;246m│[0m
 [38;5;246m1 │[0m [33m╭[0m[33m─[0m[33m▶[0m[33m [0m[33mf[0m[33mu[0m[33mn[0m[33mc[0m[33m [0m[33mp[0m[33mr[0m[33mo[0m[33mc[0m[33me[0m[33ms[0m[33ms[0m[33m_[0m[33mo[0m[33mp[0m[33mt[0m[33mi[0m[33mo[0m[33mn[0m[33m([0m[33mo[0m[33mp[0m[33mt[0m[33m:[0m[33m [0m[33mO[0m[33mp[0m[33mt[0m[33mi[0m[33mo[0m[33mn[0m[33m<[0m[33mI[0m[33mn[0m[33mt[0m[33m>[0m[33m)[0m[33m:[0m[33m [0m[33mS[0m[33mt[0m[33mr[0m[33mi[0m[33mn[0m[33mg[0m[33m [0m[33m{[0m
 [38;5;240m  ┆[0m [33m┆[0m   
 [38;5;246m6 │[0m [33m├[0m[33m─[0m[33m▶[0m[33m [0m[33m}[0m
 [38;5;240m  │[0m [33m│[0m       
 [38;5;240m  │[0m [33m╰[0m[33m─[0m[33m─[0m[33m─[0m[33m─[0m[33m─[0m[33m─[0m[33m─[0m Function `process_option` does not follow Pace naming convention
 [38;5;240m  │[0m     
 [38;5;240m  │[0m     [38;5;115mHelp[0m: use camelCase (e.g. `processOption`)
[38;5;246m───╯[0m
[33m[P5001] Warning:[0m Function `process_result` does not follow Pace naming convention
    [38;5;246m╭[0m[38;5;246m─[0m[38;5;246m[[0m $WORKSPACE/tests/ui/04_control_flow/match_statement.pace:8:1 [38;5;246m][0m
    [38;5;246m│[0m
 [38;5;246m 8 │[0m [33m╭[0m[33m─[0m[33m▶[0m[33m [0m[33mf[0m[33mu[0m[33mn[0m[33mc[0m[33m [0m[33mp[0m[33mr[0m[33mo[0m[33mc[0m[33me[0m[33ms[0m[33ms[0m[33m_[0m[33mr[0m[33me[0m[33ms[0m[33mu[0m[33ml[0m[33mt[0m[33m([0m[33mr[0m[33me[0m[33ms[0m[33m:[0m[33m [0m[33mR[0m[33me[0m[33ms[0m[33mu[0m[33ml[0m[33mt[0m[33m<[0m[33mI[0m[33mn[0m[33mt[0m[33m,[0m[33m [0m[33mS[0m[33mt[0m[33mr[0m[33mi[0m[33mn[0m[33mg[0m[33m>[0m[33m)[0m[33m:[0m[33m [0m[33mS[0m[33mt[0m[33mr[0m[33mi[0m[33mn[0m[33mg[0m[33m [0m[33m{[0m
 [38;5;240m   ┆[0m [33m┆[0m   
 [38;5;246m13 │[0m [33m├[0m[33m─[0m[33m▶[0m[33m [0m[33m}[0m
 [38;5;240m   │[0m [33m│[0m       
 [38;5;240m   │[0m [33m╰[0m[33m─[0m[33m─[0m[33m─[0m[33m─[0m[33m─[0m[33m─[0m[33m─[0m Function `process_result` does not follow Pace naming convention
 [38;5;240m   │[0m     
 [38;5;240m   │[0m     [38;5;115mHelp[0m: use camelCase (e.g. `processResult`)
[38;5;246m────╯[0m
Has value
No value
Success
Error
