---
source: crates/pace-ast/src/lib.rs
expression: ast
---
VarDecl {
    name: "x",
    is_mutable: false,
    type_annotation: Some(
        TypeAnnotation {
            module_prefix: None,
            name: "Int",
            args: [],
            is_nullable: false,
            is_function: false,
            function_params: None,
            function_return: None,
        },
    ),
    is_static: false,
    visibility: Public,
    initializer: Some(
        IntLiteral(
            42,
        ),
    ),
    span: (
        0,
        0,
    ),
}
