---
source: crates/pace-ast/src/lib.rs
expression: ast
---
VarDecl {
    name: "x",
    is_mutable: false,
    type_annotation: Some(
        TypeAnnotation {
            name: "Int",
            args: [],
            is_nullable: false,
        },
    ),
    initializer: Some(
        IntLiteral(
            42,
        ),
    ),
    span: (
        0,
        0,
    ),
}
