---
source: compiler/cli/tests/golden_tests.rs
expression: normalized_stderr
---
Error [P1002]: Expected property or method inside class. at line 2
Error [P1002]: Expected property or method inside class. at line 2
Error [P1002]: Expected property or method inside class. at line 2
Error [P1002]: Expected property or method inside class. at line 2
Error [P1002]: Expected property or method inside class. at line 6
Error [P1002]: Expected property or method inside class. at line 6
Error [P1002]: Expected property or method inside class. at line 6
Error [P1002]: Expected property or method inside class. at line 6
Error [P1002]: Expected property or method inside class. at line 6
Error [P1002]: Expected expression. at line 10
Error [P1002]: Expected expression. at line 11
